[1.075s] Invoking command in '/home/cakson/rov_kki26_ws/build/rov_kki26': DEBUGINFOD_URLS=https://debuginfod.ubuntu.com PYTHONPATH=/home/cakson/rov_kki26_ws/build/rov_kki26/prefix_override:/usr/lib/python3/dist-packages/colcon_core/task/python/colcon_distutils_commands:/home/cakson/rov_kki26_ws/install/rov_kki26/lib/python3.12/site-packages:${PYTHONPATH} /usr/bin/python3 -W ignore:setup.py install is deprecated -W ignore:easy_install command is deprecated setup.py develop --uninstall --editable --build-directory /home/cakson/rov_kki26_ws/build/rov_kki26/build
[1.467s] running develop
[1.702s] Removing /home/cakson/rov_kki26_ws/install/rov_kki26/lib/python3.12/site-packages/rov-kki26.egg-link (link to .)
[1.744s] Invoked command in '/home/cakson/rov_kki26_ws/build/rov_kki26' returned '0': DEBUGINFOD_URLS=https://debuginfod.ubuntu.com PYTHONPATH=/home/cakson/rov_kki26_ws/build/rov_kki26/prefix_override:/usr/lib/python3/dist-packages/colcon_core/task/python/colcon_distutils_commands:/home/cakson/rov_kki26_ws/install/rov_kki26/lib/python3.12/site-packages:${PYTHONPATH} /usr/bin/python3 -W ignore:setup.py install is deprecated -W ignore:easy_install command is deprecated setup.py develop --uninstall --editable --build-directory /home/cakson/rov_kki26_ws/build/rov_kki26/build
[1.746s] Invoking command in '/home/cakson/rov_kki26_ws/src/rov_kki26': DEBUGINFOD_URLS=https://debuginfod.ubuntu.com PYTHONPATH=/home/cakson/rov_kki26_ws/build/rov_kki26/prefix_override:/usr/lib/python3/dist-packages/colcon_core/task/python/colcon_distutils_commands:/home/cakson/rov_kki26_ws/install/rov_kki26/lib/python3.12/site-packages:${PYTHONPATH} /usr/bin/python3 -W ignore:setup.py install is deprecated -W ignore:easy_install command is deprecated setup.py egg_info --egg-base ../../build/rov_kki26 build --build-base /home/cakson/rov_kki26_ws/build/rov_kki26/build install --record /home/cakson/rov_kki26_ws/build/rov_kki26/install.log --single-version-externally-managed install_data --force
[2.088s] running egg_info
[2.109s] writing ../../build/rov_kki26/rov_kki26.egg-info/PKG-INFO
[2.109s] writing dependency_links to ../../build/rov_kki26/rov_kki26.egg-info/dependency_links.txt
[2.109s] writing entry points to ../../build/rov_kki26/rov_kki26.egg-info/entry_points.txt
[2.110s] writing requirements to ../../build/rov_kki26/rov_kki26.egg-info/requires.txt
[2.110s] writing top-level names to ../../build/rov_kki26/rov_kki26.egg-info/top_level.txt
[2.156s] reading manifest file '../../build/rov_kki26/rov_kki26.egg-info/SOURCES.txt'
[2.157s] writing manifest file '../../build/rov_kki26/rov_kki26.egg-info/SOURCES.txt'
[2.157s] running build
[2.157s] running build_py
[2.157s] copying rov_kki26/rov_dashboard_node.py -> /home/cakson/rov_kki26_ws/build/rov_kki26/build/lib/rov_kki26
[2.157s] running install
[2.166s] running install_lib
[2.188s] copying /home/cakson/rov_kki26_ws/build/rov_kki26/build/lib/rov_kki26/video_receiver_node.py -> /home/cakson/rov_kki26_ws/install/rov_kki26/lib/python3.12/site-packages/rov_kki26
[2.188s] copying /home/cakson/rov_kki26_ws/build/rov_kki26/build/lib/rov_kki26/telemetry_receiver_node.py -> /home/cakson/rov_kki26_ws/install/rov_kki26/lib/python3.12/site-packages/rov_kki26
[2.188s] copying /home/cakson/rov_kki26_ws/build/rov_kki26/build/lib/rov_kki26/__init__.py -> /home/cakson/rov_kki26_ws/install/rov_kki26/lib/python3.12/site-packages/rov_kki26
[2.188s] copying /home/cakson/rov_kki26_ws/build/rov_kki26/build/lib/rov_kki26/qr_scanner_node.py -> /home/cakson/rov_kki26_ws/install/rov_kki26/lib/python3.12/site-packages/rov_kki26
[2.189s] copying /home/cakson/rov_kki26_ws/build/rov_kki26/build/lib/rov_kki26/rov_dashboard_node.py -> /home/cakson/rov_kki26_ws/install/rov_kki26/lib/python3.12/site-packages/rov_kki26
[2.189s] copying /home/cakson/rov_kki26_ws/build/rov_kki26/build/lib/rov_kki26/mavis_gamepad_node.py -> /home/cakson/rov_kki26_ws/install/rov_kki26/lib/python3.12/site-packages/rov_kki26
[2.189s] byte-compiling /home/cakson/rov_kki26_ws/install/rov_kki26/lib/python3.12/site-packages/rov_kki26/video_receiver_node.py to video_receiver_node.cpython-312.pyc
[2.191s] byte-compiling /home/cakson/rov_kki26_ws/install/rov_kki26/lib/python3.12/site-packages/rov_kki26/telemetry_receiver_node.py to telemetry_receiver_node.cpython-312.pyc
[2.193s] byte-compiling /home/cakson/rov_kki26_ws/install/rov_kki26/lib/python3.12/site-packages/rov_kki26/__init__.py to __init__.cpython-312.pyc
[2.193s] byte-compiling /home/cakson/rov_kki26_ws/install/rov_kki26/lib/python3.12/site-packages/rov_kki26/qr_scanner_node.py to qr_scanner_node.cpython-312.pyc
[2.194s] byte-compiling /home/cakson/rov_kki26_ws/install/rov_kki26/lib/python3.12/site-packages/rov_kki26/rov_dashboard_node.py to rov_dashboard_node.cpython-312.pyc
[2.201s] byte-compiling /home/cakson/rov_kki26_ws/install/rov_kki26/lib/python3.12/site-packages/rov_kki26/mavis_gamepad_node.py to mavis_gamepad_node.cpython-312.pyc
[2.203s] running install_data
[2.203s] copying resource/rov_kki26 -> /home/cakson/rov_kki26_ws/install/rov_kki26/share/ament_index/resource_index/packages
[2.204s] copying package.xml -> /home/cakson/rov_kki26_ws/install/rov_kki26/share/rov_kki26
[2.204s] running install_egg_info
[2.230s] Copying ../../build/rov_kki26/rov_kki26.egg-info to /home/cakson/rov_kki26_ws/install/rov_kki26/lib/python3.12/site-packages/rov_kki26-0.0.0-py3.12.egg-info
[2.232s] running install_scripts
[2.394s] Installing mavis_gamepad script to /home/cakson/rov_kki26_ws/install/rov_kki26/lib/rov_kki26
[2.394s] Installing qr_scanner script to /home/cakson/rov_kki26_ws/install/rov_kki26/lib/rov_kki26
[2.394s] Installing rov_dashboard script to /home/cakson/rov_kki26_ws/install/rov_kki26/lib/rov_kki26
[2.395s] Installing telemetry_receiver script to /home/cakson/rov_kki26_ws/install/rov_kki26/lib/rov_kki26
[2.395s] Installing video_receiver script to /home/cakson/rov_kki26_ws/install/rov_kki26/lib/rov_kki26
[2.395s] writing list of installed files to '/home/cakson/rov_kki26_ws/build/rov_kki26/install.log'
[2.436s] Invoked command in '/home/cakson/rov_kki26_ws/src/rov_kki26' returned '0': DEBUGINFOD_URLS=https://debuginfod.ubuntu.com PYTHONPATH=/home/cakson/rov_kki26_ws/build/rov_kki26/prefix_override:/usr/lib/python3/dist-packages/colcon_core/task/python/colcon_distutils_commands:/home/cakson/rov_kki26_ws/install/rov_kki26/lib/python3.12/site-packages:${PYTHONPATH} /usr/bin/python3 -W ignore:setup.py install is deprecated -W ignore:easy_install command is deprecated setup.py egg_info --egg-base ../../build/rov_kki26 build --build-base /home/cakson/rov_kki26_ws/build/rov_kki26/build install --record /home/cakson/rov_kki26_ws/build/rov_kki26/install.log --single-version-externally-managed install_data --force
