[1.259s] Invoking command in '/home/cakson/rov_kki26_ws/src/rov_kki26': DEBUGINFOD_URLS=https://debuginfod.ubuntu.com PYTHONPATH=/home/cakson/rov_kki26_ws/build/rov_kki26/prefix_override:/usr/lib/python3/dist-packages/colcon_core/task/python/colcon_distutils_commands:/home/cakson/rov_kki26_ws/install/rov_kki26/lib/python3.12/site-packages:${PYTHONPATH} /usr/bin/python3 -W ignore:setup.py install is deprecated -W ignore:easy_install command is deprecated setup.py egg_info --egg-base ../../build/rov_kki26 build --build-base /home/cakson/rov_kki26_ws/build/rov_kki26/build install --record /home/cakson/rov_kki26_ws/build/rov_kki26/install.log --single-version-externally-managed install_data
[1.731s] running egg_info
[1.761s] writing ../../build/rov_kki26/rov_kki26.egg-info/PKG-INFO
[1.761s] writing dependency_links to ../../build/rov_kki26/rov_kki26.egg-info/dependency_links.txt
[1.762s] writing entry points to ../../build/rov_kki26/rov_kki26.egg-info/entry_points.txt
[1.762s] writing requirements to ../../build/rov_kki26/rov_kki26.egg-info/requires.txt
[1.762s] writing top-level names to ../../build/rov_kki26/rov_kki26.egg-info/top_level.txt
[1.824s] reading manifest file '../../build/rov_kki26/rov_kki26.egg-info/SOURCES.txt'
[1.825s] writing manifest file '../../build/rov_kki26/rov_kki26.egg-info/SOURCES.txt'
[1.826s] running build
[1.826s] running build_py
[1.826s] copying rov_kki26/rov_dashboard_node.py -> /home/cakson/rov_kki26_ws/build/rov_kki26/build/lib/rov_kki26
[1.827s] running install
[1.839s] running install_lib
[1.869s] copying /home/cakson/rov_kki26_ws/build/rov_kki26/build/lib/rov_kki26/rov_dashboard_node.py -> /home/cakson/rov_kki26_ws/install/rov_kki26/lib/python3.12/site-packages/rov_kki26
[1.871s] byte-compiling /home/cakson/rov_kki26_ws/install/rov_kki26/lib/python3.12/site-packages/rov_kki26/rov_dashboard_node.py to rov_dashboard_node.cpython-312.pyc
[1.882s] running install_data
[1.882s] running install_egg_info
[1.917s] removing '/home/cakson/rov_kki26_ws/install/rov_kki26/lib/python3.12/site-packages/rov_kki26-0.0.0-py3.12.egg-info' (and everything under it)
[1.917s] Copying ../../build/rov_kki26/rov_kki26.egg-info to /home/cakson/rov_kki26_ws/install/rov_kki26/lib/python3.12/site-packages/rov_kki26-0.0.0-py3.12.egg-info
[1.918s] running install_scripts
[2.128s] Installing mavis_gamepad script to /home/cakson/rov_kki26_ws/install/rov_kki26/lib/rov_kki26
[2.129s] Installing qr_scanner script to /home/cakson/rov_kki26_ws/install/rov_kki26/lib/rov_kki26
[2.129s] Installing rov_dashboard script to /home/cakson/rov_kki26_ws/install/rov_kki26/lib/rov_kki26
[2.129s] Installing telemetry_receiver script to /home/cakson/rov_kki26_ws/install/rov_kki26/lib/rov_kki26
[2.129s] Installing video_receiver script to /home/cakson/rov_kki26_ws/install/rov_kki26/lib/rov_kki26
[2.129s] writing list of installed files to '/home/cakson/rov_kki26_ws/build/rov_kki26/install.log'
[2.175s] Invoked command in '/home/cakson/rov_kki26_ws/src/rov_kki26' returned '0': DEBUGINFOD_URLS=https://debuginfod.ubuntu.com PYTHONPATH=/home/cakson/rov_kki26_ws/build/rov_kki26/prefix_override:/usr/lib/python3/dist-packages/colcon_core/task/python/colcon_distutils_commands:/home/cakson/rov_kki26_ws/install/rov_kki26/lib/python3.12/site-packages:${PYTHONPATH} /usr/bin/python3 -W ignore:setup.py install is deprecated -W ignore:easy_install command is deprecated setup.py egg_info --egg-base ../../build/rov_kki26 build --build-base /home/cakson/rov_kki26_ws/build/rov_kki26/build install --record /home/cakson/rov_kki26_ws/build/rov_kki26/install.log --single-version-externally-managed install_data
