[1.203s] Invoking command in '/home/cakson/rov_kki26_ws/src/rov_kki26': DEBUGINFOD_URLS=https://debuginfod.ubuntu.com PYTHONPATH=/home/cakson/rov_kki26_ws/build/rov_kki26/prefix_override:/usr/lib/python3/dist-packages/colcon_core/task/python/colcon_distutils_commands:/home/cakson/rov_kki26_ws/install/rov_kki26/lib/python3.12/site-packages:${PYTHONPATH} /usr/bin/python3 -W ignore:setup.py install is deprecated -W ignore:easy_install command is deprecated setup.py egg_info --egg-base ../../build/rov_kki26 build --build-base /home/cakson/rov_kki26_ws/build/rov_kki26/build install --record /home/cakson/rov_kki26_ws/build/rov_kki26/install.log --single-version-externally-managed install_data
[1.558s] running egg_info
[1.580s] writing ../../build/rov_kki26/rov_kki26.egg-info/PKG-INFO
[1.581s] writing dependency_links to ../../build/rov_kki26/rov_kki26.egg-info/dependency_links.txt
[1.581s] writing entry points to ../../build/rov_kki26/rov_kki26.egg-info/entry_points.txt
[1.581s] writing requirements to ../../build/rov_kki26/rov_kki26.egg-info/requires.txt
[1.581s] writing top-level names to ../../build/rov_kki26/rov_kki26.egg-info/top_level.txt
[1.626s] reading manifest file '../../build/rov_kki26/rov_kki26.egg-info/SOURCES.txt'
[1.628s] writing manifest file '../../build/rov_kki26/rov_kki26.egg-info/SOURCES.txt'
[1.628s] running build
[1.628s] running build_py
[1.628s] copying rov_kki26/rov_dashboard_node.py -> /home/cakson/rov_kki26_ws/build/rov_kki26/build/lib/rov_kki26
[1.629s] running install
[1.638s] running install_lib
[1.660s] copying /home/cakson/rov_kki26_ws/build/rov_kki26/build/lib/rov_kki26/rov_dashboard_node.py -> /home/cakson/rov_kki26_ws/install/rov_kki26/lib/python3.12/site-packages/rov_kki26
[1.661s] byte-compiling /home/cakson/rov_kki26_ws/install/rov_kki26/lib/python3.12/site-packages/rov_kki26/rov_dashboard_node.py to rov_dashboard_node.cpython-312.pyc
[1.668s] running install_data
[1.668s] running install_egg_info
[1.692s] removing '/home/cakson/rov_kki26_ws/install/rov_kki26/lib/python3.12/site-packages/rov_kki26-0.0.0-py3.12.egg-info' (and everything under it)
[1.692s] Copying ../../build/rov_kki26/rov_kki26.egg-info to /home/cakson/rov_kki26_ws/install/rov_kki26/lib/python3.12/site-packages/rov_kki26-0.0.0-py3.12.egg-info
[1.693s] running install_scripts
[1.855s] Installing mavis_gamepad script to /home/cakson/rov_kki26_ws/install/rov_kki26/lib/rov_kki26
[1.855s] Installing qr_scanner script to /home/cakson/rov_kki26_ws/install/rov_kki26/lib/rov_kki26
[1.855s] Installing rov_dashboard script to /home/cakson/rov_kki26_ws/install/rov_kki26/lib/rov_kki26
[1.855s] Installing telemetry_receiver script to /home/cakson/rov_kki26_ws/install/rov_kki26/lib/rov_kki26
[1.855s] Installing video_receiver script to /home/cakson/rov_kki26_ws/install/rov_kki26/lib/rov_kki26
[1.856s] writing list of installed files to '/home/cakson/rov_kki26_ws/build/rov_kki26/install.log'
[1.897s] Invoked command in '/home/cakson/rov_kki26_ws/src/rov_kki26' returned '0': DEBUGINFOD_URLS=https://debuginfod.ubuntu.com PYTHONPATH=/home/cakson/rov_kki26_ws/build/rov_kki26/prefix_override:/usr/lib/python3/dist-packages/colcon_core/task/python/colcon_distutils_commands:/home/cakson/rov_kki26_ws/install/rov_kki26/lib/python3.12/site-packages:${PYTHONPATH} /usr/bin/python3 -W ignore:setup.py install is deprecated -W ignore:easy_install command is deprecated setup.py egg_info --egg-base ../../build/rov_kki26 build --build-base /home/cakson/rov_kki26_ws/build/rov_kki26/build install --record /home/cakson/rov_kki26_ws/build/rov_kki26/install.log --single-version-externally-managed install_data
