[0.137s] DEBUG:colcon:Command line arguments: ['/usr/bin/colcon', 'build', '--packages-select', 'rov_kki26']
[0.137s] DEBUG:colcon:Parsed command line arguments: Namespace(log_base=None, log_level=None, verb_name='build', build_base='build', install_base='install', merge_install=False, symlink_install=False, test_result_base=None, continue_on_error=False, executor='parallel', parallel_workers=12, event_handlers=None, ignore_user_meta=False, metas=['./colcon.meta'], base_paths=['.'], packages_ignore=None, packages_ignore_regex=None, paths=None, packages_up_to=None, packages_up_to_regex=None, packages_above=None, packages_above_and_dependencies=None, packages_above_depth=None, packages_select_by_dep=None, packages_skip_by_dep=None, packages_skip_up_to=None, packages_select_build_failed=False, packages_skip_build_finished=False, packages_select_test_failures=False, packages_skip_test_passed=False, packages_select=['rov_kki26'], packages_skip=None, packages_select_regex=None, packages_skip_regex=None, packages_start=None, packages_end=None, allow_overriding=[], cmake_args=None, cmake_target=None, cmake_target_skip_unavailable=False, cmake_clean_cache=False, cmake_clean_first=False, cmake_force_configure=False, ament_cmake_args=None, catkin_cmake_args=None, catkin_skip_building_tests=False, verb_parser=<colcon_defaults.argument_parser.defaults.DefaultArgumentsDecorator object at 0x75ae80c6e660>, verb_extension=<colcon_core.verb.build.BuildVerb object at 0x75ae80c6e480>, main=<bound method BuildVerb.main of <colcon_core.verb.build.BuildVerb object at 0x75ae80c6e480>>)
[0.204s] Level 1:colcon.colcon_core.package_discovery:discover_packages(colcon_meta) check parameters
[0.205s] Level 1:colcon.colcon_core.package_discovery:discover_packages(recursive) check parameters
[0.205s] Level 1:colcon.colcon_core.package_discovery:discover_packages(ignore) check parameters
[0.205s] Level 1:colcon.colcon_core.package_discovery:discover_packages(path) check parameters
[0.205s] Level 1:colcon.colcon_core.package_discovery:discover_packages(colcon_meta) discover
[0.205s] Level 1:colcon.colcon_core.package_discovery:discover_packages(recursive) discover
[0.205s] INFO:colcon.colcon_core.package_discovery:Crawling recursively for packages in '/home/cakson/rov_kki26_ws'
[0.205s] Level 1:colcon.colcon_core.package_identification:_identify(.) by extensions ['ignore', 'ignore_ament_install']
[0.206s] Level 1:colcon.colcon_core.package_identification:_identify(.) by extension 'ignore'
[0.206s] Level 1:colcon.colcon_core.package_identification:_identify(.) by extension 'ignore_ament_install'
[0.206s] Level 1:colcon.colcon_core.package_identification:_identify(.) by extensions ['colcon_pkg']
[0.206s] Level 1:colcon.colcon_core.package_identification:_identify(.) by extension 'colcon_pkg'
[0.206s] Level 1:colcon.colcon_core.package_identification:_identify(.) by extensions ['colcon_meta']
[0.206s] Level 1:colcon.colcon_core.package_identification:_identify(.) by extension 'colcon_meta'
[0.206s] Level 1:colcon.colcon_core.package_identification:_identify(.) by extensions ['ros']
[0.206s] Level 1:colcon.colcon_core.package_identification:_identify(.) by extension 'ros'
[0.255s] Level 1:colcon.colcon_core.package_identification:_identify(.) by extensions ['cmake', 'python']
[0.255s] Level 1:colcon.colcon_core.package_identification:_identify(.) by extension 'cmake'
[0.255s] Level 1:colcon.colcon_core.package_identification:_identify(.) by extension 'python'
[0.255s] Level 1:colcon.colcon_core.package_identification:_identify(.) by extensions ['python_setup_py']
[0.256s] Level 1:colcon.colcon_core.package_identification:_identify(.) by extension 'python_setup_py'
[0.256s] Level 1:colcon.colcon_core.package_identification:_identify(MAVIS GAMEPAD) by extensions ['ignore', 'ignore_ament_install']
[0.256s] Level 1:colcon.colcon_core.package_identification:_identify(MAVIS GAMEPAD) by extension 'ignore'
[0.256s] Level 1:colcon.colcon_core.package_identification:_identify(MAVIS GAMEPAD) by extension 'ignore_ament_install'
[0.256s] Level 1:colcon.colcon_core.package_identification:_identify(MAVIS GAMEPAD) by extensions ['colcon_pkg']
[0.256s] Level 1:colcon.colcon_core.package_identification:_identify(MAVIS GAMEPAD) by extension 'colcon_pkg'
[0.256s] Level 1:colcon.colcon_core.package_identification:_identify(MAVIS GAMEPAD) by extensions ['colcon_meta']
[0.256s] Level 1:colcon.colcon_core.package_identification:_identify(MAVIS GAMEPAD) by extension 'colcon_meta'
[0.256s] Level 1:colcon.colcon_core.package_identification:_identify(MAVIS GAMEPAD) by extensions ['ros']
[0.256s] Level 1:colcon.colcon_core.package_identification:_identify(MAVIS GAMEPAD) by extension 'ros'
[0.257s] Level 1:colcon.colcon_core.package_identification:_identify(MAVIS GAMEPAD) by extensions ['cmake', 'python']
[0.257s] Level 1:colcon.colcon_core.package_identification:_identify(MAVIS GAMEPAD) by extension 'cmake'
[0.257s] Level 1:colcon.colcon_core.package_identification:_identify(MAVIS GAMEPAD) by extension 'python'
[0.257s] Level 1:colcon.colcon_core.package_identification:_identify(MAVIS GAMEPAD) by extensions ['python_setup_py']
[0.257s] Level 1:colcon.colcon_core.package_identification:_identify(MAVIS GAMEPAD) by extension 'python_setup_py'
[0.257s] Level 1:colcon.colcon_core.package_identification:_identify(Train Trejectory) by extensions ['ignore', 'ignore_ament_install']
[0.257s] Level 1:colcon.colcon_core.package_identification:_identify(Train Trejectory) by extension 'ignore'
[0.257s] Level 1:colcon.colcon_core.package_identification:_identify(Train Trejectory) by extension 'ignore_ament_install'
[0.257s] Level 1:colcon.colcon_core.package_identification:_identify(Train Trejectory) by extensions ['colcon_pkg']
[0.257s] Level 1:colcon.colcon_core.package_identification:_identify(Train Trejectory) by extension 'colcon_pkg'
[0.257s] Level 1:colcon.colcon_core.package_identification:_identify(Train Trejectory) by extensions ['colcon_meta']
[0.257s] Level 1:colcon.colcon_core.package_identification:_identify(Train Trejectory) by extension 'colcon_meta'
[0.257s] Level 1:colcon.colcon_core.package_identification:_identify(Train Trejectory) by extensions ['ros']
[0.257s] Level 1:colcon.colcon_core.package_identification:_identify(Train Trejectory) by extension 'ros'
[0.258s] Level 1:colcon.colcon_core.package_identification:_identify(Train Trejectory) by extensions ['cmake', 'python']
[0.258s] Level 1:colcon.colcon_core.package_identification:_identify(Train Trejectory) by extension 'cmake'
[0.258s] Level 1:colcon.colcon_core.package_identification:_identify(Train Trejectory) by extension 'python'
[0.258s] Level 1:colcon.colcon_core.package_identification:_identify(Train Trejectory) by extensions ['python_setup_py']
[0.258s] Level 1:colcon.colcon_core.package_identification:_identify(Train Trejectory) by extension 'python_setup_py'
[0.258s] Level 1:colcon.colcon_core.package_identification:_identify(build) by extensions ['ignore', 'ignore_ament_install']
[0.258s] Level 1:colcon.colcon_core.package_identification:_identify(build) by extension 'ignore'
[0.258s] Level 1:colcon.colcon_core.package_identification:_identify(build) ignored
[0.258s] Level 1:colcon.colcon_core.package_identification:_identify(install) by extensions ['ignore', 'ignore_ament_install']
[0.258s] Level 1:colcon.colcon_core.package_identification:_identify(install) by extension 'ignore'
[0.259s] Level 1:colcon.colcon_core.package_identification:_identify(install) ignored
[0.259s] Level 1:colcon.colcon_core.package_identification:_identify(log) by extensions ['ignore', 'ignore_ament_install']
[0.259s] Level 1:colcon.colcon_core.package_identification:_identify(log) by extension 'ignore'
[0.259s] Level 1:colcon.colcon_core.package_identification:_identify(log) ignored
[0.259s] Level 1:colcon.colcon_core.package_identification:_identify(src) by extensions ['ignore', 'ignore_ament_install']
[0.259s] Level 1:colcon.colcon_core.package_identification:_identify(src) by extension 'ignore'
[0.259s] Level 1:colcon.colcon_core.package_identification:_identify(src) by extension 'ignore_ament_install'
[0.259s] Level 1:colcon.colcon_core.package_identification:_identify(src) by extensions ['colcon_pkg']
[0.259s] Level 1:colcon.colcon_core.package_identification:_identify(src) by extension 'colcon_pkg'
[0.259s] Level 1:colcon.colcon_core.package_identification:_identify(src) by extensions ['colcon_meta']
[0.259s] Level 1:colcon.colcon_core.package_identification:_identify(src) by extension 'colcon_meta'
[0.260s] Level 1:colcon.colcon_core.package_identification:_identify(src) by extensions ['ros']
[0.260s] Level 1:colcon.colcon_core.package_identification:_identify(src) by extension 'ros'
[0.260s] Level 1:colcon.colcon_core.package_identification:_identify(src) by extensions ['cmake', 'python']
[0.260s] Level 1:colcon.colcon_core.package_identification:_identify(src) by extension 'cmake'
[0.260s] Level 1:colcon.colcon_core.package_identification:_identify(src) by extension 'python'
[0.260s] Level 1:colcon.colcon_core.package_identification:_identify(src) by extensions ['python_setup_py']
[0.260s] Level 1:colcon.colcon_core.package_identification:_identify(src) by extension 'python_setup_py'
[0.260s] Level 1:colcon.colcon_core.package_identification:_identify(src/rov_kki26) by extensions ['ignore', 'ignore_ament_install']
[0.260s] Level 1:colcon.colcon_core.package_identification:_identify(src/rov_kki26) by extension 'ignore'
[0.260s] Level 1:colcon.colcon_core.package_identification:_identify(src/rov_kki26) by extension 'ignore_ament_install'
[0.260s] Level 1:colcon.colcon_core.package_identification:_identify(src/rov_kki26) by extensions ['colcon_pkg']
[0.260s] Level 1:colcon.colcon_core.package_identification:_identify(src/rov_kki26) by extension 'colcon_pkg'
[0.260s] Level 1:colcon.colcon_core.package_identification:_identify(src/rov_kki26) by extensions ['colcon_meta']
[0.260s] Level 1:colcon.colcon_core.package_identification:_identify(src/rov_kki26) by extension 'colcon_meta'
[0.260s] Level 1:colcon.colcon_core.package_identification:_identify(src/rov_kki26) by extensions ['ros']
[0.260s] Level 1:colcon.colcon_core.package_identification:_identify(src/rov_kki26) by extension 'ros'
[0.265s] DEBUG:colcon.colcon_core.package_identification:Package 'src/rov_kki26' with type 'ros.ament_python' and name 'rov_kki26'
[0.265s] Level 1:colcon.colcon_core.package_discovery:discover_packages(recursive) using defaults
[0.265s] Level 1:colcon.colcon_core.package_discovery:discover_packages(ignore) discover
[0.265s] Level 1:colcon.colcon_core.package_discovery:discover_packages(ignore) using defaults
[0.265s] Level 1:colcon.colcon_core.package_discovery:discover_packages(path) discover
[0.265s] Level 1:colcon.colcon_core.package_discovery:discover_packages(path) using defaults
[0.297s] Level 1:colcon.colcon_core.package_discovery:discover_packages(prefix_path) check parameters
[0.297s] Level 1:colcon.colcon_core.package_discovery:discover_packages(prefix_path) discover
[0.301s] DEBUG:colcon.colcon_installed_package_information.package_discovery:Found 287 installed packages in /opt/ros/jazzy
[0.302s] Level 1:colcon.colcon_core.package_discovery:discover_packages(prefix_path) using defaults
[0.363s] Level 5:colcon.colcon_core.verb:set package 'rov_kki26' build argument 'cmake_args' from command line to 'None'
[0.363s] Level 5:colcon.colcon_core.verb:set package 'rov_kki26' build argument 'cmake_target' from command line to 'None'
[0.363s] Level 5:colcon.colcon_core.verb:set package 'rov_kki26' build argument 'cmake_target_skip_unavailable' from command line to 'False'
[0.363s] Level 5:colcon.colcon_core.verb:set package 'rov_kki26' build argument 'cmake_clean_cache' from command line to 'False'
[0.363s] Level 5:colcon.colcon_core.verb:set package 'rov_kki26' build argument 'cmake_clean_first' from command line to 'False'
[0.363s] Level 5:colcon.colcon_core.verb:set package 'rov_kki26' build argument 'cmake_force_configure' from command line to 'False'
[0.363s] Level 5:colcon.colcon_core.verb:set package 'rov_kki26' build argument 'ament_cmake_args' from command line to 'None'
[0.363s] Level 5:colcon.colcon_core.verb:set package 'rov_kki26' build argument 'catkin_cmake_args' from command line to 'None'
[0.363s] Level 5:colcon.colcon_core.verb:set package 'rov_kki26' build argument 'catkin_skip_building_tests' from command line to 'False'
[0.363s] DEBUG:colcon.colcon_core.verb:Building package 'rov_kki26' with the following arguments: {'ament_cmake_args': None, 'build_base': '/home/cakson/rov_kki26_ws/build/rov_kki26', 'catkin_cmake_args': None, 'catkin_skip_building_tests': False, 'cmake_args': None, 'cmake_clean_cache': False, 'cmake_clean_first': False, 'cmake_force_configure': False, 'cmake_target': None, 'cmake_target_skip_unavailable': False, 'install_base': '/home/cakson/rov_kki26_ws/install/rov_kki26', 'merge_install': False, 'path': '/home/cakson/rov_kki26_ws/src/rov_kki26', 'symlink_install': False, 'test_result_base': None}
[0.363s] INFO:colcon.colcon_core.executor:Executing jobs using 'parallel' executor
[0.365s] DEBUG:colcon.colcon_parallel_executor.executor.parallel:run_until_complete
[0.365s] INFO:colcon.colcon_ros.task.ament_python.build:Building ROS package in '/home/cakson/rov_kki26_ws/src/rov_kki26' with build type 'ament_python'
[0.365s] Level 1:colcon.colcon_core.shell:create_environment_hook('rov_kki26', 'ament_prefix_path')
[0.368s] INFO:colcon.colcon_core.plugin_system:Skipping extension 'colcon_core.shell.bat': Not used on non-Windows systems
[0.369s] INFO:colcon.colcon_core.shell:Creating environment hook '/home/cakson/rov_kki26_ws/install/rov_kki26/share/rov_kki26/hook/ament_prefix_path.ps1'
[0.370s] INFO:colcon.colcon_core.shell:Creating environment descriptor '/home/cakson/rov_kki26_ws/install/rov_kki26/share/rov_kki26/hook/ament_prefix_path.dsv'
[0.370s] INFO:colcon.colcon_core.shell:Creating environment hook '/home/cakson/rov_kki26_ws/install/rov_kki26/share/rov_kki26/hook/ament_prefix_path.sh'
[0.371s] INFO:colcon.colcon_core.shell:Skip shell extension 'powershell' for command environment: Not usable outside of PowerShell
[0.371s] DEBUG:colcon.colcon_core.shell:Skip shell extension 'dsv' for command environment
[0.711s] INFO:colcon.colcon_core.task.python.build:Building Python package in '/home/cakson/rov_kki26_ws/src/rov_kki26'
[0.711s] INFO:colcon.colcon_core.shell:Skip shell extension 'powershell' for command environment: Not usable outside of PowerShell
[0.711s] DEBUG:colcon.colcon_core.shell:Skip shell extension 'dsv' for command environment
[1.559s] DEBUG:colcon.colcon_core.event_handler.log_command:Invoking command in '/home/cakson/rov_kki26_ws/src/rov_kki26': DEBUGINFOD_URLS=https://debuginfod.ubuntu.com PYTHONPATH=/home/cakson/rov_kki26_ws/build/rov_kki26/prefix_override:/usr/lib/python3/dist-packages/colcon_core/task/python/colcon_distutils_commands:/home/cakson/rov_kki26_ws/install/rov_kki26/lib/python3.12/site-packages:${PYTHONPATH} /usr/bin/python3 -W ignore:setup.py install is deprecated -W ignore:easy_install command is deprecated setup.py egg_info --egg-base ../../build/rov_kki26 build --build-base /home/cakson/rov_kki26_ws/build/rov_kki26/build install --record /home/cakson/rov_kki26_ws/build/rov_kki26/install.log --single-version-externally-managed install_data
[2.269s] DEBUG:colcon.colcon_core.event_handler.log_command:Invoked command in '/home/cakson/rov_kki26_ws/src/rov_kki26' returned '0': DEBUGINFOD_URLS=https://debuginfod.ubuntu.com PYTHONPATH=/home/cakson/rov_kki26_ws/build/rov_kki26/prefix_override:/usr/lib/python3/dist-packages/colcon_core/task/python/colcon_distutils_commands:/home/cakson/rov_kki26_ws/install/rov_kki26/lib/python3.12/site-packages:${PYTHONPATH} /usr/bin/python3 -W ignore:setup.py install is deprecated -W ignore:easy_install command is deprecated setup.py egg_info --egg-base ../../build/rov_kki26 build --build-base /home/cakson/rov_kki26_ws/build/rov_kki26/build install --record /home/cakson/rov_kki26_ws/build/rov_kki26/install.log --single-version-externally-managed install_data
[2.273s] Level 1:colcon.colcon_core.environment:checking '/home/cakson/rov_kki26_ws/install/rov_kki26' for CMake module files
[2.273s] Level 1:colcon.colcon_core.environment:checking '/home/cakson/rov_kki26_ws/install/rov_kki26' for CMake config files
[2.274s] Level 1:colcon.colcon_core.environment:checking '/home/cakson/rov_kki26_ws/install/rov_kki26/lib'
[2.275s] Level 1:colcon.colcon_core.environment:checking '/home/cakson/rov_kki26_ws/install/rov_kki26/bin'
[2.275s] Level 1:colcon.colcon_core.environment:checking '/home/cakson/rov_kki26_ws/install/rov_kki26/lib/pkgconfig/rov_kki26.pc'
[2.275s] Level 1:colcon.colcon_core.environment:checking '/home/cakson/rov_kki26_ws/install/rov_kki26/lib/python3.12/site-packages'
[2.275s] Level 1:colcon.colcon_core.shell:create_environment_hook('rov_kki26', 'pythonpath')
[2.276s] INFO:colcon.colcon_core.shell:Creating environment hook '/home/cakson/rov_kki26_ws/install/rov_kki26/share/rov_kki26/hook/pythonpath.ps1'
[2.276s] INFO:colcon.colcon_core.shell:Creating environment descriptor '/home/cakson/rov_kki26_ws/install/rov_kki26/share/rov_kki26/hook/pythonpath.dsv'
[2.277s] INFO:colcon.colcon_core.shell:Creating environment hook '/home/cakson/rov_kki26_ws/install/rov_kki26/share/rov_kki26/hook/pythonpath.sh'
[2.278s] Level 1:colcon.colcon_core.environment:checking '/home/cakson/rov_kki26_ws/install/rov_kki26/bin'
[2.278s] Level 1:colcon.colcon_core.environment:create_environment_scripts_only(rov_kki26)
[2.278s] INFO:colcon.colcon_core.shell:Creating package script '/home/cakson/rov_kki26_ws/install/rov_kki26/share/rov_kki26/package.ps1'
[2.280s] INFO:colcon.colcon_core.shell:Creating package descriptor '/home/cakson/rov_kki26_ws/install/rov_kki26/share/rov_kki26/package.dsv'
[2.281s] INFO:colcon.colcon_core.shell:Creating package script '/home/cakson/rov_kki26_ws/install/rov_kki26/share/rov_kki26/package.sh'
[2.282s] INFO:colcon.colcon_core.shell:Creating package script '/home/cakson/rov_kki26_ws/install/rov_kki26/share/rov_kki26/package.bash'
[2.283s] INFO:colcon.colcon_core.shell:Creating package script '/home/cakson/rov_kki26_ws/install/rov_kki26/share/rov_kki26/package.zsh'
[2.284s] Level 1:colcon.colcon_core.environment:create_file_with_runtime_dependencies(/home/cakson/rov_kki26_ws/install/rov_kki26/share/colcon-core/packages/rov_kki26)
[2.284s] DEBUG:colcon.colcon_parallel_executor.executor.parallel:closing loop
[2.285s] DEBUG:colcon.colcon_parallel_executor.executor.parallel:loop closed
[2.285s] DEBUG:colcon.colcon_parallel_executor.executor.parallel:run_until_complete finished with '0'
[2.285s] DEBUG:colcon.colcon_core.event_reactor:joining thread
[2.292s] INFO:colcon.colcon_core.plugin_system:Skipping extension 'colcon_notification.desktop_notification.terminal_notifier': Not used on non-Darwin systems
[2.292s] INFO:colcon.colcon_core.plugin_system:Skipping extension 'colcon_notification.desktop_notification.win32': Not used on non-Windows systems
[2.292s] INFO:colcon.colcon_notification.desktop_notification:Sending desktop notification using 'notify2'
[2.312s] DEBUG:colcon.colcon_core.event_reactor:joined thread
[2.312s] INFO:colcon.colcon_core.shell:Creating prefix script '/home/cakson/rov_kki26_ws/install/local_setup.ps1'
[2.313s] INFO:colcon.colcon_core.shell:Creating prefix util module '/home/cakson/rov_kki26_ws/install/_local_setup_util_ps1.py'
[2.315s] INFO:colcon.colcon_core.shell:Creating prefix chain script '/home/cakson/rov_kki26_ws/install/setup.ps1'
[2.316s] INFO:colcon.colcon_core.shell:Creating prefix script '/home/cakson/rov_kki26_ws/install/local_setup.sh'
[2.316s] INFO:colcon.colcon_core.shell:Creating prefix util module '/home/cakson/rov_kki26_ws/install/_local_setup_util_sh.py'
[2.317s] INFO:colcon.colcon_core.shell:Creating prefix chain script '/home/cakson/rov_kki26_ws/install/setup.sh'
[2.318s] INFO:colcon.colcon_core.shell:Creating prefix script '/home/cakson/rov_kki26_ws/install/local_setup.bash'
[2.319s] INFO:colcon.colcon_core.shell:Creating prefix chain script '/home/cakson/rov_kki26_ws/install/setup.bash'
[2.320s] INFO:colcon.colcon_core.shell:Creating prefix script '/home/cakson/rov_kki26_ws/install/local_setup.zsh'
[2.321s] INFO:colcon.colcon_core.shell:Creating prefix chain script '/home/cakson/rov_kki26_ws/install/setup.zsh'
