[1.159s] Invoking command in '/home/cakson/rov_kki26_ws/build/rov_kki26': DEBUGINFOD_URLS=https://debuginfod.ubuntu.com PYTHONPATH=/home/cakson/rov_kki26_ws/build/rov_kki26/prefix_override:/usr/lib/python3/dist-packages/colcon_core/task/python/colcon_distutils_commands:/home/cakson/rov_kki26_ws/install/rov_kki26/lib/python3.12/site-packages:${PYTHONPATH} /usr/bin/python3 -W ignore:setup.py install is deprecated -W ignore:easy_install command is deprecated setup.py develop --editable --build-directory /home/cakson/rov_kki26_ws/build/rov_kki26/build --no-deps symlink_data --force
[1.608s] running develop
[1.877s] running egg_info
[1.902s] writing rov_kki26.egg-info/PKG-INFO
[1.902s] writing dependency_links to rov_kki26.egg-info/dependency_links.txt
[1.902s] writing entry points to rov_kki26.egg-info/entry_points.txt
[1.903s] writing requirements to rov_kki26.egg-info/requires.txt
[1.903s] writing top-level names to rov_kki26.egg-info/top_level.txt
[1.955s] reading manifest file 'rov_kki26.egg-info/SOURCES.txt'
[1.956s] writing manifest file 'rov_kki26.egg-info/SOURCES.txt'
[1.982s] running build_ext
[1.982s] Creating /home/cakson/rov_kki26_ws/install/rov_kki26/lib/python3.12/site-packages/rov-kki26.egg-link (link to .)
[1.983s] Installing mavis_gamepad script to /home/cakson/rov_kki26_ws/install/rov_kki26/lib/rov_kki26
[1.984s] Installing qr_scanner script to /home/cakson/rov_kki26_ws/install/rov_kki26/lib/rov_kki26
[1.984s] Installing rov_dashboard script to /home/cakson/rov_kki26_ws/install/rov_kki26/lib/rov_kki26
[1.984s] Installing telemetry_receiver script to /home/cakson/rov_kki26_ws/install/rov_kki26/lib/rov_kki26
[1.984s] Installing video_receiver script to /home/cakson/rov_kki26_ws/install/rov_kki26/lib/rov_kki26
[1.985s] 
[1.985s] Installed /home/cakson/rov_kki26_ws/build/rov_kki26
[1.985s] running symlink_data
[1.985s] symbolically linking /home/cakson/rov_kki26_ws/build/rov_kki26/resource/rov_kki26 -> /home/cakson/rov_kki26_ws/install/rov_kki26/share/ament_index/resource_index/packages
[1.985s] symbolically linking /home/cakson/rov_kki26_ws/build/rov_kki26/package.xml -> /home/cakson/rov_kki26_ws/install/rov_kki26/share/rov_kki26
[2.035s] Invoked command in '/home/cakson/rov_kki26_ws/build/rov_kki26' returned '0': DEBUGINFOD_URLS=https://debuginfod.ubuntu.com PYTHONPATH=/home/cakson/rov_kki26_ws/build/rov_kki26/prefix_override:/usr/lib/python3/dist-packages/colcon_core/task/python/colcon_distutils_commands:/home/cakson/rov_kki26_ws/install/rov_kki26/lib/python3.12/site-packages:${PYTHONPATH} /usr/bin/python3 -W ignore:setup.py install is deprecated -W ignore:easy_install command is deprecated setup.py develop --editable --build-directory /home/cakson/rov_kki26_ws/build/rov_kki26/build --no-deps symlink_data --force
