[0.967s] Invoking command in '/home/cakson/rov_kki26_ws/src/rov_kki26': DEBUGINFOD_URLS=https://debuginfod.ubuntu.com PYTHONPATH=/home/cakson/rov_kki26_ws/build/rov_kki26/prefix_override:/usr/lib/python3/dist-packages/colcon_core/task/python/colcon_distutils_commands:/home/cakson/rov_kki26_ws/install/rov_kki26/lib/python3.12/site-packages:${PYTHONPATH} /usr/bin/python3 -W ignore:setup.py install is deprecated -W ignore:easy_install command is deprecated setup.py egg_info --egg-base ../../build/rov_kki26 build --build-base /home/cakson/rov_kki26_ws/build/rov_kki26/build install --record /home/cakson/rov_kki26_ws/build/rov_kki26/install.log --single-version-externally-managed install_data
[1.284s] running egg_info
[1.304s] writing ../../build/rov_kki26/rov_kki26.egg-info/PKG-INFO
[1.304s] writing dependency_links to ../../build/rov_kki26/rov_kki26.egg-info/dependency_links.txt
[1.305s] writing entry points to ../../build/rov_kki26/rov_kki26.egg-info/entry_points.txt
[1.305s] writing requirements to ../../build/rov_kki26/rov_kki26.egg-info/requires.txt
[1.305s] writing top-level names to ../../build/rov_kki26/rov_kki26.egg-info/top_level.txt
[1.345s] reading manifest file '../../build/rov_kki26/rov_kki26.egg-info/SOURCES.txt'
[1.346s] writing manifest file '../../build/rov_kki26/rov_kki26.egg-info/SOURCES.txt'
[1.346s] running build
[1.346s] running build_py
[1.346s] copying rov_kki26/mavis_gamepad_node.py -> /home/cakson/rov_kki26_ws/build/rov_kki26/build/lib/rov_kki26
[1.347s] running install
[1.355s] running install_lib
[1.376s] copying /home/cakson/rov_kki26_ws/build/rov_kki26/build/lib/rov_kki26/mavis_gamepad_node.py -> /home/cakson/rov_kki26_ws/install/rov_kki26/lib/python3.12/site-packages/rov_kki26
[1.376s] byte-compiling /home/cakson/rov_kki26_ws/install/rov_kki26/lib/python3.12/site-packages/rov_kki26/mavis_gamepad_node.py to mavis_gamepad_node.cpython-312.pyc
[1.379s] running install_data
[1.379s] running install_egg_info
[1.401s] removing '/home/cakson/rov_kki26_ws/install/rov_kki26/lib/python3.12/site-packages/rov_kki26-0.0.0-py3.12.egg-info' (and everything under it)
[1.401s] Copying ../../build/rov_kki26/rov_kki26.egg-info to /home/cakson/rov_kki26_ws/install/rov_kki26/lib/python3.12/site-packages/rov_kki26-0.0.0-py3.12.egg-info
[1.401s] running install_scripts
[1.543s] Installing mavis_gamepad script to /home/cakson/rov_kki26_ws/install/rov_kki26/lib/rov_kki26
[1.543s] Installing qr_scanner script to /home/cakson/rov_kki26_ws/install/rov_kki26/lib/rov_kki26
[1.544s] Installing rov_dashboard script to /home/cakson/rov_kki26_ws/install/rov_kki26/lib/rov_kki26
[1.544s] Installing telemetry_receiver script to /home/cakson/rov_kki26_ws/install/rov_kki26/lib/rov_kki26
[1.544s] Installing video_receiver script to /home/cakson/rov_kki26_ws/install/rov_kki26/lib/rov_kki26
[1.544s] writing list of installed files to '/home/cakson/rov_kki26_ws/build/rov_kki26/install.log'
[1.577s] Invoked command in '/home/cakson/rov_kki26_ws/src/rov_kki26' returned '0': DEBUGINFOD_URLS=https://debuginfod.ubuntu.com PYTHONPATH=/home/cakson/rov_kki26_ws/build/rov_kki26/prefix_override:/usr/lib/python3/dist-packages/colcon_core/task/python/colcon_distutils_commands:/home/cakson/rov_kki26_ws/install/rov_kki26/lib/python3.12/site-packages:${PYTHONPATH} /usr/bin/python3 -W ignore:setup.py install is deprecated -W ignore:easy_install command is deprecated setup.py egg_info --egg-base ../../build/rov_kki26 build --build-base /home/cakson/rov_kki26_ws/build/rov_kki26/build install --record /home/cakson/rov_kki26_ws/build/rov_kki26/install.log --single-version-externally-managed install_data
