[1.085s] Invoking command in '/home/cakson/rov_kki26_ws/build/rov_kki26': DEBUGINFOD_URLS=https://debuginfod.ubuntu.com PYTHONPATH=/home/cakson/rov_kki26_ws/build/rov_kki26/prefix_override:/usr/lib/python3/dist-packages/colcon_core/task/python/colcon_distutils_commands:/home/cakson/rov_kki26_ws/install/rov_kki26/lib/python3.12/site-packages:${PYTHONPATH} /usr/bin/python3 -W ignore:setup.py install is deprecated -W ignore:easy_install command is deprecated setup.py develop --editable --build-directory /home/cakson/rov_kki26_ws/build/rov_kki26/build --no-deps symlink_data
[1.478s] running develop
[1.718s] running egg_info
[1.745s] writing rov_kki26.egg-info/PKG-INFO
[1.745s] writing dependency_links to rov_kki26.egg-info/dependency_links.txt
[1.745s] writing entry points to rov_kki26.egg-info/entry_points.txt
[1.745s] writing requirements to rov_kki26.egg-info/requires.txt
[1.745s] writing top-level names to rov_kki26.egg-info/top_level.txt
[1.797s] reading manifest file 'rov_kki26.egg-info/SOURCES.txt'
[1.798s] writing manifest file 'rov_kki26.egg-info/SOURCES.txt'
[1.825s] running build_ext
[1.825s] Creating /home/cakson/rov_kki26_ws/install/rov_kki26/lib/python3.12/site-packages/rov-kki26.egg-link (link to .)
[1.826s] Installing mavis_gamepad script to /home/cakson/rov_kki26_ws/install/rov_kki26/lib/rov_kki26
[1.826s] Installing qr_scanner script to /home/cakson/rov_kki26_ws/install/rov_kki26/lib/rov_kki26
[1.827s] Installing rov_dashboard script to /home/cakson/rov_kki26_ws/install/rov_kki26/lib/rov_kki26
[1.827s] Installing telemetry_receiver script to /home/cakson/rov_kki26_ws/install/rov_kki26/lib/rov_kki26
[1.827s] Installing video_receiver script to /home/cakson/rov_kki26_ws/install/rov_kki26/lib/rov_kki26
[1.827s] 
[1.827s] Installed /home/cakson/rov_kki26_ws/build/rov_kki26
[1.828s] running symlink_data
[1.877s] Invoked command in '/home/cakson/rov_kki26_ws/build/rov_kki26' returned '0': DEBUGINFOD_URLS=https://debuginfod.ubuntu.com PYTHONPATH=/home/cakson/rov_kki26_ws/build/rov_kki26/prefix_override:/usr/lib/python3/dist-packages/colcon_core/task/python/colcon_distutils_commands:/home/cakson/rov_kki26_ws/install/rov_kki26/lib/python3.12/site-packages:${PYTHONPATH} /usr/bin/python3 -W ignore:setup.py install is deprecated -W ignore:easy_install command is deprecated setup.py develop --editable --build-directory /home/cakson/rov_kki26_ws/build/rov_kki26/build --no-deps symlink_data
