[0.267s] DEBUG:colcon:Command line arguments: ['/usr/bin/colcon', 'build', '--symlink-install']
[0.268s] DEBUG:colcon:Parsed command line arguments: Namespace(log_base=None, log_level=None, verb_name='build', build_base='build', install_base='install', merge_install=False, symlink_install=True, test_result_base=None, continue_on_error=False, executor='parallel', parallel_workers=12, event_handlers=None, ignore_user_meta=False, metas=['./colcon.meta'], base_paths=['.'], packages_ignore=None, packages_ignore_regex=None, paths=None, packages_up_to=None, packages_up_to_regex=None, packages_above=None, packages_above_and_dependencies=None, packages_above_depth=None, packages_select_by_dep=None, packages_skip_by_dep=None, packages_skip_up_to=None, packages_select_build_failed=False, packages_skip_build_finished=False, packages_select_test_failures=False, packages_skip_test_passed=False, packages_select=None, packages_skip=None, packages_select_regex=None, packages_skip_regex=None, packages_start=None, packages_end=None, allow_overriding=[], cmake_args=None, cmake_target=None, cmake_target_skip_unavailable=False, cmake_clean_cache=False, cmake_clean_first=False, cmake_force_configure=False, ament_cmake_args=None, catkin_cmake_args=None, catkin_skip_building_tests=False, verb_parser=<colcon_defaults.argument_parser.defaults.DefaultArgumentsDecorator object at 0x7f4429682ab0>, verb_extension=<colcon_core.verb.build.BuildVerb object at 0x7f4429680650>, main=<bound method BuildVerb.main of <colcon_core.verb.build.BuildVerb object at 0x7f4429680650>>)
[0.388s] Level 1:colcon.colcon_core.package_discovery:discover_packages(colcon_meta) check parameters
[0.388s] Level 1:colcon.colcon_core.package_discovery:discover_packages(recursive) check parameters
[0.388s] Level 1:colcon.colcon_core.package_discovery:discover_packages(ignore) check parameters
[0.388s] Level 1:colcon.colcon_core.package_discovery:discover_packages(path) check parameters
[0.388s] Level 1:colcon.colcon_core.package_discovery:discover_packages(colcon_meta) discover
[0.389s] Level 1:colcon.colcon_core.package_discovery:discover_packages(recursive) discover
[0.389s] INFO:colcon.colcon_core.package_discovery:Crawling recursively for packages in '/home/cakson/rov_kki26_ws'
[0.389s] Level 1:colcon.colcon_core.package_identification:_identify(.) by extensions ['ignore', 'ignore_ament_install']
[0.389s] Level 1:colcon.colcon_core.package_identification:_identify(.) by extension 'ignore'
[0.389s] Level 1:colcon.colcon_core.package_identification:_identify(.) by extension 'ignore_ament_install'
[0.390s] Level 1:colcon.colcon_core.package_identification:_identify(.) by extensions ['colcon_pkg']
[0.390s] Level 1:colcon.colcon_core.package_identification:_identify(.) by extension 'colcon_pkg'
[0.390s] Level 1:colcon.colcon_core.package_identification:_identify(.) by extensions ['colcon_meta']
[0.390s] Level 1:colcon.colcon_core.package_identification:_identify(.) by extension 'colcon_meta'
[0.390s] Level 1:colcon.colcon_core.package_identification:_identify(.) by extensions ['ros']
[0.390s] Level 1:colcon.colcon_core.package_identification:_identify(.) by extension 'ros'
[0.443s] Level 1:colcon.colcon_core.package_identification:_identify(.) by extensions ['cmake', 'python']
[0.443s] Level 1:colcon.colcon_core.package_identification:_identify(.) by extension 'cmake'
[0.443s] Level 1:colcon.colcon_core.package_identification:_identify(.) by extension 'python'
[0.443s] Level 1:colcon.colcon_core.package_identification:_identify(.) by extensions ['python_setup_py']
[0.443s] Level 1:colcon.colcon_core.package_identification:_identify(.) by extension 'python_setup_py'
[0.443s] Level 1:colcon.colcon_core.package_identification:_identify(MAVIS GAMEPAD) by extensions ['ignore', 'ignore_ament_install']
[0.444s] Level 1:colcon.colcon_core.package_identification:_identify(MAVIS GAMEPAD) by extension 'ignore'
[0.444s] Level 1:colcon.colcon_core.package_identification:_identify(MAVIS GAMEPAD) by extension 'ignore_ament_install'
[0.444s] Level 1:colcon.colcon_core.package_identification:_identify(MAVIS GAMEPAD) by extensions ['colcon_pkg']
[0.444s] Level 1:colcon.colcon_core.package_identification:_identify(MAVIS GAMEPAD) by extension 'colcon_pkg'
[0.444s] Level 1:colcon.colcon_core.package_identification:_identify(MAVIS GAMEPAD) by extensions ['colcon_meta']
[0.444s] Level 1:colcon.colcon_core.package_identification:_identify(MAVIS GAMEPAD) by extension 'colcon_meta'
[0.444s] Level 1:colcon.colcon_core.package_identification:_identify(MAVIS GAMEPAD) by extensions ['ros']
[0.444s] Level 1:colcon.colcon_core.package_identification:_identify(MAVIS GAMEPAD) by extension 'ros'
[0.444s] Level 1:colcon.colcon_core.package_identification:_identify(MAVIS GAMEPAD) by extensions ['cmake', 'python']
[0.444s] Level 1:colcon.colcon_core.package_identification:_identify(MAVIS GAMEPAD) by extension 'cmake'
[0.444s] Level 1:colcon.colcon_core.package_identification:_identify(MAVIS GAMEPAD) by extension 'python'
[0.444s] Level 1:colcon.colcon_core.package_identification:_identify(MAVIS GAMEPAD) by extensions ['python_setup_py']
[0.444s] Level 1:colcon.colcon_core.package_identification:_identify(MAVIS GAMEPAD) by extension 'python_setup_py'
[0.445s] Level 1:colcon.colcon_core.package_identification:_identify(Train Trejectory) by extensions ['ignore', 'ignore_ament_install']
[0.445s] Level 1:colcon.colcon_core.package_identification:_identify(Train Trejectory) by extension 'ignore'
[0.445s] Level 1:colcon.colcon_core.package_identification:_identify(Train Trejectory) by extension 'ignore_ament_install'
[0.445s] Level 1:colcon.colcon_core.package_identification:_identify(Train Trejectory) by extensions ['colcon_pkg']
[0.445s] Level 1:colcon.colcon_core.package_identification:_identify(Train Trejectory) by extension 'colcon_pkg'
[0.445s] Level 1:colcon.colcon_core.package_identification:_identify(Train Trejectory) by extensions ['colcon_meta']
[0.445s] Level 1:colcon.colcon_core.package_identification:_identify(Train Trejectory) by extension 'colcon_meta'
[0.445s] Level 1:colcon.colcon_core.package_identification:_identify(Train Trejectory) by extensions ['ros']
[0.445s] Level 1:colcon.colcon_core.package_identification:_identify(Train Trejectory) by extension 'ros'
[0.445s] Level 1:colcon.colcon_core.package_identification:_identify(Train Trejectory) by extensions ['cmake', 'python']
[0.445s] Level 1:colcon.colcon_core.package_identification:_identify(Train Trejectory) by extension 'cmake'
[0.445s] Level 1:colcon.colcon_core.package_identification:_identify(Train Trejectory) by extension 'python'
[0.446s] Level 1:colcon.colcon_core.package_identification:_identify(Train Trejectory) by extensions ['python_setup_py']
[0.446s] Level 1:colcon.colcon_core.package_identification:_identify(Train Trejectory) by extension 'python_setup_py'
[0.446s] Level 1:colcon.colcon_core.package_identification:_identify(build) by extensions ['ignore', 'ignore_ament_install']
[0.446s] Level 1:colcon.colcon_core.package_identification:_identify(build) by extension 'ignore'
[0.446s] Level 1:colcon.colcon_core.package_identification:_identify(build) ignored
[0.446s] Level 1:colcon.colcon_core.package_identification:_identify(install) by extensions ['ignore', 'ignore_ament_install']
[0.446s] Level 1:colcon.colcon_core.package_identification:_identify(install) by extension 'ignore'
[0.446s] Level 1:colcon.colcon_core.package_identification:_identify(install) ignored
[0.447s] Level 1:colcon.colcon_core.package_identification:_identify(log) by extensions ['ignore', 'ignore_ament_install']
[0.447s] Level 1:colcon.colcon_core.package_identification:_identify(log) by extension 'ignore'
[0.447s] Level 1:colcon.colcon_core.package_identification:_identify(log) ignored
[0.447s] Level 1:colcon.colcon_core.package_identification:_identify(src) by extensions ['ignore', 'ignore_ament_install']
[0.447s] Level 1:colcon.colcon_core.package_identification:_identify(src) by extension 'ignore'
[0.447s] Level 1:colcon.colcon_core.package_identification:_identify(src) by extension 'ignore_ament_install'
[0.447s] Level 1:colcon.colcon_core.package_identification:_identify(src) by extensions ['colcon_pkg']
[0.447s] Level 1:colcon.colcon_core.package_identification:_identify(src) by extension 'colcon_pkg'
[0.447s] Level 1:colcon.colcon_core.package_identification:_identify(src) by extensions ['colcon_meta']
[0.448s] Level 1:colcon.colcon_core.package_identification:_identify(src) by extension 'colcon_meta'
[0.448s] Level 1:colcon.colcon_core.package_identification:_identify(src) by extensions ['ros']
[0.448s] Level 1:colcon.colcon_core.package_identification:_identify(src) by extension 'ros'
[0.448s] Level 1:colcon.colcon_core.package_identification:_identify(src) by extensions ['cmake', 'python']
[0.448s] Level 1:colcon.colcon_core.package_identification:_identify(src) by extension 'cmake'
[0.448s] Level 1:colcon.colcon_core.package_identification:_identify(src) by extension 'python'
[0.448s] Level 1:colcon.colcon_core.package_identification:_identify(src) by extensions ['python_setup_py']
[0.448s] Level 1:colcon.colcon_core.package_identification:_identify(src) by extension 'python_setup_py'
[0.448s] Level 1:colcon.colcon_core.package_identification:_identify(src/rov_kki26) by extensions ['ignore', 'ignore_ament_install']
[0.448s] Level 1:colcon.colcon_core.package_identification:_identify(src/rov_kki26) by extension 'ignore'
[0.448s] Level 1:colcon.colcon_core.package_identification:_identify(src/rov_kki26) by extension 'ignore_ament_install'
[0.448s] Level 1:colcon.colcon_core.package_identification:_identify(src/rov_kki26) by extensions ['colcon_pkg']
[0.449s] Level 1:colcon.colcon_core.package_identification:_identify(src/rov_kki26) by extension 'colcon_pkg'
[0.449s] Level 1:colcon.colcon_core.package_identification:_identify(src/rov_kki26) by extensions ['colcon_meta']
[0.449s] Level 1:colcon.colcon_core.package_identification:_identify(src/rov_kki26) by extension 'colcon_meta'
[0.449s] Level 1:colcon.colcon_core.package_identification:_identify(src/rov_kki26) by extensions ['ros']
[0.449s] Level 1:colcon.colcon_core.package_identification:_identify(src/rov_kki26) by extension 'ros'
[0.458s] DEBUG:colcon.colcon_core.package_identification:Package 'src/rov_kki26' with type 'ros.ament_python' and name 'rov_kki26'
[0.458s] Level 1:colcon.colcon_core.package_discovery:discover_packages(recursive) using defaults
[0.458s] Level 1:colcon.colcon_core.package_discovery:discover_packages(ignore) discover
[0.458s] Level 1:colcon.colcon_core.package_discovery:discover_packages(ignore) using defaults
[0.458s] Level 1:colcon.colcon_core.package_discovery:discover_packages(path) discover
[0.458s] Level 1:colcon.colcon_core.package_discovery:discover_packages(path) using defaults
[0.505s] Level 1:colcon.colcon_core.package_discovery:discover_packages(prefix_path) check parameters
[0.505s] Level 1:colcon.colcon_core.package_discovery:discover_packages(prefix_path) discover
[0.512s] DEBUG:colcon.colcon_installed_package_information.package_discovery:Found 287 installed packages in /opt/ros/jazzy
[0.514s] Level 1:colcon.colcon_core.package_discovery:discover_packages(prefix_path) using defaults
[0.620s] Level 5:colcon.colcon_core.verb:set package 'rov_kki26' build argument 'cmake_args' from command line to 'None'
[0.621s] Level 5:colcon.colcon_core.verb:set package 'rov_kki26' build argument 'cmake_target' from command line to 'None'
[0.621s] Level 5:colcon.colcon_core.verb:set package 'rov_kki26' build argument 'cmake_target_skip_unavailable' from command line to 'False'
[0.621s] Level 5:colcon.colcon_core.verb:set package 'rov_kki26' build argument 'cmake_clean_cache' from command line to 'False'
[0.621s] Level 5:colcon.colcon_core.verb:set package 'rov_kki26' build argument 'cmake_clean_first' from command line to 'False'
[0.621s] Level 5:colcon.colcon_core.verb:set package 'rov_kki26' build argument 'cmake_force_configure' from command line to 'False'
[0.621s] Level 5:colcon.colcon_core.verb:set package 'rov_kki26' build argument 'ament_cmake_args' from command line to 'None'
[0.621s] Level 5:colcon.colcon_core.verb:set package 'rov_kki26' build argument 'catkin_cmake_args' from command line to 'None'
[0.621s] Level 5:colcon.colcon_core.verb:set package 'rov_kki26' build argument 'catkin_skip_building_tests' from command line to 'False'
[0.621s] DEBUG:colcon.colcon_core.verb:Building package 'rov_kki26' with the following arguments: {'ament_cmake_args': None, 'build_base': '/home/cakson/rov_kki26_ws/build/rov_kki26', 'catkin_cmake_args': None, 'catkin_skip_building_tests': False, 'cmake_args': None, 'cmake_clean_cache': False, 'cmake_clean_first': False, 'cmake_force_configure': False, 'cmake_target': None, 'cmake_target_skip_unavailable': False, 'install_base': '/home/cakson/rov_kki26_ws/install/rov_kki26', 'merge_install': False, 'path': '/home/cakson/rov_kki26_ws/src/rov_kki26', 'symlink_install': True, 'test_result_base': None}
[0.622s] INFO:colcon.colcon_core.executor:Executing jobs using 'parallel' executor
[0.624s] DEBUG:colcon.colcon_parallel_executor.executor.parallel:run_until_complete
[0.624s] INFO:colcon.colcon_ros.task.ament_python.build:Building ROS package in '/home/cakson/rov_kki26_ws/src/rov_kki26' with build type 'ament_python'
[0.625s] Level 1:colcon.colcon_core.shell:create_environment_hook('rov_kki26', 'ament_prefix_path')
[0.633s] INFO:colcon.colcon_core.plugin_system:Skipping extension 'colcon_core.shell.bat': Not used on non-Windows systems
[0.634s] INFO:colcon.colcon_core.shell:Creating environment hook '/home/cakson/rov_kki26_ws/install/rov_kki26/share/rov_kki26/hook/ament_prefix_path.ps1'
[0.636s] INFO:colcon.colcon_core.shell:Creating environment descriptor '/home/cakson/rov_kki26_ws/install/rov_kki26/share/rov_kki26/hook/ament_prefix_path.dsv'
[0.638s] INFO:colcon.colcon_core.shell:Creating environment hook '/home/cakson/rov_kki26_ws/install/rov_kki26/share/rov_kki26/hook/ament_prefix_path.sh'
[0.640s] INFO:colcon.colcon_core.shell:Skip shell extension 'powershell' for command environment: Not usable outside of PowerShell
[0.641s] DEBUG:colcon.colcon_core.shell:Skip shell extension 'dsv' for command environment
[1.211s] INFO:colcon.colcon_core.task.python.build:Building Python package in '/home/cakson/rov_kki26_ws/src/rov_kki26'
[1.211s] INFO:colcon.colcon_core.shell:Skip shell extension 'powershell' for command environment: Not usable outside of PowerShell
[1.211s] DEBUG:colcon.colcon_core.shell:Skip shell extension 'dsv' for command environment
[2.284s] DEBUG:colcon.colcon_core.event_handler.log_command:Invoking command in '/home/cakson/rov_kki26_ws/build/rov_kki26': DEBUGINFOD_URLS=https://debuginfod.ubuntu.com PYTHONPATH=/home/cakson/rov_kki26_ws/build/rov_kki26/prefix_override:/usr/lib/python3/dist-packages/colcon_core/task/python/colcon_distutils_commands:/home/cakson/rov_kki26_ws/install/rov_kki26/lib/python3.12/site-packages:${PYTHONPATH} /usr/bin/python3 -W ignore:setup.py install is deprecated -W ignore:easy_install command is deprecated setup.py develop --editable --build-directory /home/cakson/rov_kki26_ws/build/rov_kki26/build --no-deps symlink_data
[3.394s] Level 1:colcon.colcon_core.shell:create_environment_hook('rov_kki26', 'pythonpath_develop')
[3.395s] INFO:colcon.colcon_core.shell:Creating environment hook '/home/cakson/rov_kki26_ws/build/rov_kki26/share/rov_kki26/hook/pythonpath_develop.ps1'
[3.395s] DEBUG:colcon.colcon_core.event_handler.log_command:Invoked command in '/home/cakson/rov_kki26_ws/build/rov_kki26' returned '0': DEBUGINFOD_URLS=https://debuginfod.ubuntu.com PYTHONPATH=/home/cakson/rov_kki26_ws/build/rov_kki26/prefix_override:/usr/lib/python3/dist-packages/colcon_core/task/python/colcon_distutils_commands:/home/cakson/rov_kki26_ws/install/rov_kki26/lib/python3.12/site-packages:${PYTHONPATH} /usr/bin/python3 -W ignore:setup.py install is deprecated -W ignore:easy_install command is deprecated setup.py develop --editable --build-directory /home/cakson/rov_kki26_ws/build/rov_kki26/build --no-deps symlink_data
[3.396s] INFO:colcon.colcon_core.shell:Creating environment descriptor '/home/cakson/rov_kki26_ws/build/rov_kki26/share/rov_kki26/hook/pythonpath_develop.dsv'
[3.396s] INFO:colcon.colcon_core.shell:Creating environment hook '/home/cakson/rov_kki26_ws/build/rov_kki26/share/rov_kki26/hook/pythonpath_develop.sh'
[3.404s] Level 1:colcon.colcon_core.environment:checking '/home/cakson/rov_kki26_ws/install/rov_kki26' for CMake module files
[3.405s] Level 1:colcon.colcon_core.environment:checking '/home/cakson/rov_kki26_ws/install/rov_kki26' for CMake config files
[3.406s] Level 1:colcon.colcon_core.environment:checking '/home/cakson/rov_kki26_ws/install/rov_kki26/lib'
[3.406s] Level 1:colcon.colcon_core.environment:checking '/home/cakson/rov_kki26_ws/install/rov_kki26/bin'
[3.406s] Level 1:colcon.colcon_core.environment:checking '/home/cakson/rov_kki26_ws/install/rov_kki26/lib/pkgconfig/rov_kki26.pc'
[3.407s] Level 1:colcon.colcon_core.environment:checking '/home/cakson/rov_kki26_ws/install/rov_kki26/lib/python3.12/site-packages'
[3.407s] Level 1:colcon.colcon_core.shell:create_environment_hook('rov_kki26', 'pythonpath')
[3.407s] INFO:colcon.colcon_core.shell:Creating environment hook '/home/cakson/rov_kki26_ws/install/rov_kki26/share/rov_kki26/hook/pythonpath.ps1'
[3.408s] INFO:colcon.colcon_core.shell:Creating environment descriptor '/home/cakson/rov_kki26_ws/install/rov_kki26/share/rov_kki26/hook/pythonpath.dsv'
[3.408s] INFO:colcon.colcon_core.shell:Creating environment hook '/home/cakson/rov_kki26_ws/install/rov_kki26/share/rov_kki26/hook/pythonpath.sh'
[3.409s] Level 1:colcon.colcon_core.environment:checking '/home/cakson/rov_kki26_ws/install/rov_kki26/bin'
[3.409s] Level 1:colcon.colcon_core.environment:create_environment_scripts_only(rov_kki26)
[3.410s] INFO:colcon.colcon_core.shell:Creating package script '/home/cakson/rov_kki26_ws/install/rov_kki26/share/rov_kki26/package.ps1'
[3.411s] INFO:colcon.colcon_core.shell:Creating package descriptor '/home/cakson/rov_kki26_ws/install/rov_kki26/share/rov_kki26/package.dsv'
[3.413s] INFO:colcon.colcon_core.shell:Creating package script '/home/cakson/rov_kki26_ws/install/rov_kki26/share/rov_kki26/package.sh'
[3.414s] INFO:colcon.colcon_core.shell:Creating package script '/home/cakson/rov_kki26_ws/install/rov_kki26/share/rov_kki26/package.bash'
[3.415s] INFO:colcon.colcon_core.shell:Creating package script '/home/cakson/rov_kki26_ws/install/rov_kki26/share/rov_kki26/package.zsh'
[3.416s] Level 1:colcon.colcon_core.environment:create_file_with_runtime_dependencies(/home/cakson/rov_kki26_ws/install/rov_kki26/share/colcon-core/packages/rov_kki26)
[3.417s] DEBUG:colcon.colcon_parallel_executor.executor.parallel:closing loop
[3.417s] DEBUG:colcon.colcon_parallel_executor.executor.parallel:loop closed
[3.418s] DEBUG:colcon.colcon_parallel_executor.executor.parallel:run_until_complete finished with '0'
[3.418s] DEBUG:colcon.colcon_core.event_reactor:joining thread
[3.428s] INFO:colcon.colcon_core.plugin_system:Skipping extension 'colcon_notification.desktop_notification.terminal_notifier': Not used on non-Darwin systems
[3.428s] INFO:colcon.colcon_core.plugin_system:Skipping extension 'colcon_notification.desktop_notification.win32': Not used on non-Windows systems
[3.428s] INFO:colcon.colcon_notification.desktop_notification:Sending desktop notification using 'notify2'
[3.461s] DEBUG:colcon.colcon_core.event_reactor:joined thread
[3.462s] INFO:colcon.colcon_core.shell:Creating prefix script '/home/cakson/rov_kki26_ws/install/local_setup.ps1'
[3.464s] INFO:colcon.colcon_core.shell:Creating prefix util module '/home/cakson/rov_kki26_ws/install/_local_setup_util_ps1.py'
[3.467s] INFO:colcon.colcon_core.shell:Creating prefix chain script '/home/cakson/rov_kki26_ws/install/setup.ps1'
[3.469s] INFO:colcon.colcon_core.shell:Creating prefix script '/home/cakson/rov_kki26_ws/install/local_setup.sh'
[3.470s] INFO:colcon.colcon_core.shell:Creating prefix util module '/home/cakson/rov_kki26_ws/install/_local_setup_util_sh.py'
[3.471s] INFO:colcon.colcon_core.shell:Creating prefix chain script '/home/cakson/rov_kki26_ws/install/setup.sh'
[3.473s] INFO:colcon.colcon_core.shell:Creating prefix script '/home/cakson/rov_kki26_ws/install/local_setup.bash'
[3.474s] INFO:colcon.colcon_core.shell:Creating prefix chain script '/home/cakson/rov_kki26_ws/install/setup.bash'
[3.475s] INFO:colcon.colcon_core.shell:Creating prefix script '/home/cakson/rov_kki26_ws/install/local_setup.zsh'
[3.477s] INFO:colcon.colcon_core.shell:Creating prefix chain script '/home/cakson/rov_kki26_ws/install/setup.zsh'
