[1.011s] Invoking command in '/home/cakson/rov_kki26_ws/build/rov_kki26': DEBUGINFOD_URLS=https://debuginfod.ubuntu.com PYTHONPATH=/home/cakson/rov_kki26_ws/build/rov_kki26/prefix_override:/usr/lib/python3/dist-packages/colcon_core/task/python/colcon_distutils_commands:/home/cakson/rov_kki26_ws/install/rov_kki26/lib/python3.12/site-packages:${PYTHONPATH} /usr/bin/python3 -W ignore:setup.py install is deprecated -W ignore:easy_install command is deprecated setup.py develop --uninstall --editable --build-directory /home/cakson/rov_kki26_ws/build/rov_kki26/build
[1.239s] running develop
[1.376s] Removing /home/cakson/rov_kki26_ws/install/rov_kki26/lib/python3.12/site-packages/rov-kki26.egg-link (link to .)
[1.409s] Invoked command in '/home/cakson/rov_kki26_ws/build/rov_kki26' returned '0': DEBUGINFOD_URLS=https://debuginfod.ubuntu.com PYTHONPATH=/home/cakson/rov_kki26_ws/build/rov_kki26/prefix_override:/usr/lib/python3/dist-packages/colcon_core/task/python/colcon_distutils_commands:/home/cakson/rov_kki26_ws/install/rov_kki26/lib/python3.12/site-packages:${PYTHONPATH} /usr/bin/python3 -W ignore:setup.py install is deprecated -W ignore:easy_install command is deprecated setup.py develop --uninstall --editable --build-directory /home/cakson/rov_kki26_ws/build/rov_kki26/build
[1.410s] Invoking command in '/home/cakson/rov_kki26_ws/src/rov_kki26': DEBUGINFOD_URLS=https://debuginfod.ubuntu.com PYTHONPATH=/home/cakson/rov_kki26_ws/build/rov_kki26/prefix_override:/usr/lib/python3/dist-packages/colcon_core/task/python/colcon_distutils_commands:/home/cakson/rov_kki26_ws/install/rov_kki26/lib/python3.12/site-packages:${PYTHONPATH} /usr/bin/python3 -W ignore:setup.py install is deprecated -W ignore:easy_install command is deprecated setup.py egg_info --egg-base ../../build/rov_kki26 build --build-base /home/cakson/rov_kki26_ws/build/rov_kki26/build install --record /home/cakson/rov_kki26_ws/build/rov_kki26/install.log --single-version-externally-managed install_data --force
[1.615s] running egg_info
[1.630s] writing ../../build/rov_kki26/rov_kki26.egg-info/PKG-INFO
[1.631s] writing dependency_links to ../../build/rov_kki26/rov_kki26.egg-info/dependency_links.txt
[1.631s] writing entry points to ../../build/rov_kki26/rov_kki26.egg-info/entry_points.txt
[1.631s] writing requirements to ../../build/rov_kki26/rov_kki26.egg-info/requires.txt
[1.631s] writing top-level names to ../../build/rov_kki26/rov_kki26.egg-info/top_level.txt
[1.663s] reading manifest file '../../build/rov_kki26/rov_kki26.egg-info/SOURCES.txt'
[1.664s] writing manifest file '../../build/rov_kki26/rov_kki26.egg-info/SOURCES.txt'
[1.665s] running build
[1.665s] running build_py
[1.665s] copying rov_kki26/rov_dashboard_node.py -> /home/cakson/rov_kki26_ws/build/rov_kki26/build/lib/rov_kki26
[1.665s] running install
[1.670s] running install_lib
[1.684s] copying /home/cakson/rov_kki26_ws/build/rov_kki26/build/lib/rov_kki26/video_receiver_node.py -> /home/cakson/rov_kki26_ws/install/rov_kki26/lib/python3.12/site-packages/rov_kki26
[1.684s] copying /home/cakson/rov_kki26_ws/build/rov_kki26/build/lib/rov_kki26/telemetry_receiver_node.py -> /home/cakson/rov_kki26_ws/install/rov_kki26/lib/python3.12/site-packages/rov_kki26
[1.684s] copying /home/cakson/rov_kki26_ws/build/rov_kki26/build/lib/rov_kki26/__init__.py -> /home/cakson/rov_kki26_ws/install/rov_kki26/lib/python3.12/site-packages/rov_kki26
[1.684s] copying /home/cakson/rov_kki26_ws/build/rov_kki26/build/lib/rov_kki26/qr_scanner_node.py -> /home/cakson/rov_kki26_ws/install/rov_kki26/lib/python3.12/site-packages/rov_kki26
[1.684s] copying /home/cakson/rov_kki26_ws/build/rov_kki26/build/lib/rov_kki26/rov_dashboard_node.py -> /home/cakson/rov_kki26_ws/install/rov_kki26/lib/python3.12/site-packages/rov_kki26
[1.684s] byte-compiling /home/cakson/rov_kki26_ws/install/rov_kki26/lib/python3.12/site-packages/rov_kki26/video_receiver_node.py to video_receiver_node.cpython-312.pyc
[1.685s] byte-compiling /home/cakson/rov_kki26_ws/install/rov_kki26/lib/python3.12/site-packages/rov_kki26/telemetry_receiver_node.py to telemetry_receiver_node.cpython-312.pyc
[1.686s] byte-compiling /home/cakson/rov_kki26_ws/install/rov_kki26/lib/python3.12/site-packages/rov_kki26/__init__.py to __init__.cpython-312.pyc
[1.686s] byte-compiling /home/cakson/rov_kki26_ws/install/rov_kki26/lib/python3.12/site-packages/rov_kki26/qr_scanner_node.py to qr_scanner_node.cpython-312.pyc
[1.686s] byte-compiling /home/cakson/rov_kki26_ws/install/rov_kki26/lib/python3.12/site-packages/rov_kki26/rov_dashboard_node.py to rov_dashboard_node.cpython-312.pyc
[1.690s] running install_data
[1.690s] copying resource/rov_kki26 -> /home/cakson/rov_kki26_ws/install/rov_kki26/share/ament_index/resource_index/packages
[1.690s] copying package.xml -> /home/cakson/rov_kki26_ws/install/rov_kki26/share/rov_kki26
[1.690s] running install_egg_info
[1.703s] Copying ../../build/rov_kki26/rov_kki26.egg-info to /home/cakson/rov_kki26_ws/install/rov_kki26/lib/python3.12/site-packages/rov_kki26-0.0.0-py3.12.egg-info
[1.706s] running install_scripts
[1.803s] Installing qr_scanner script to /home/cakson/rov_kki26_ws/install/rov_kki26/lib/rov_kki26
[1.803s] Installing rov_dashboard script to /home/cakson/rov_kki26_ws/install/rov_kki26/lib/rov_kki26
[1.803s] Installing telemetry_receiver script to /home/cakson/rov_kki26_ws/install/rov_kki26/lib/rov_kki26
[1.803s] Installing video_receiver script to /home/cakson/rov_kki26_ws/install/rov_kki26/lib/rov_kki26
[1.803s] writing list of installed files to '/home/cakson/rov_kki26_ws/build/rov_kki26/install.log'
[1.835s] Invoked command in '/home/cakson/rov_kki26_ws/src/rov_kki26' returned '0': DEBUGINFOD_URLS=https://debuginfod.ubuntu.com PYTHONPATH=/home/cakson/rov_kki26_ws/build/rov_kki26/prefix_override:/usr/lib/python3/dist-packages/colcon_core/task/python/colcon_distutils_commands:/home/cakson/rov_kki26_ws/install/rov_kki26/lib/python3.12/site-packages:${PYTHONPATH} /usr/bin/python3 -W ignore:setup.py install is deprecated -W ignore:easy_install command is deprecated setup.py egg_info --egg-base ../../build/rov_kki26 build --build-base /home/cakson/rov_kki26_ws/build/rov_kki26/build install --record /home/cakson/rov_kki26_ws/build/rov_kki26/install.log --single-version-externally-managed install_data --force
