running develop
Removing /home/cakson/rov_kki26_ws/install/rov_kki26/lib/python3.12/site-packages/rov-kki26.egg-link (link to .)
running egg_info
writing ../../build/rov_kki26/rov_kki26.egg-info/PKG-INFO
writing dependency_links to ../../build/rov_kki26/rov_kki26.egg-info/dependency_links.txt
writing entry points to ../../build/rov_kki26/rov_kki26.egg-info/entry_points.txt
writing requirements to ../../build/rov_kki26/rov_kki26.egg-info/requires.txt
writing top-level names to ../../build/rov_kki26/rov_kki26.egg-info/top_level.txt
reading manifest file '../../build/rov_kki26/rov_kki26.egg-info/SOURCES.txt'
writing manifest file '../../build/rov_kki26/rov_kki26.egg-info/SOURCES.txt'
running build
running build_py
copying rov_kki26/telemetry_receiver_node.py -> /home/cakson/rov_kki26_ws/build/rov_kki26/build/lib/rov_kki26
copying rov_kki26/rov_dashboard_node.py -> /home/cakson/rov_kki26_ws/build/rov_kki26/build/lib/rov_kki26
copying rov_kki26/mavis_gamepad_node.py -> /home/cakson/rov_kki26_ws/build/rov_kki26/build/lib/rov_kki26
running install
running install_lib
copying /home/cakson/rov_kki26_ws/build/rov_kki26/build/lib/rov_kki26/video_receiver_node.py -> /home/cakson/rov_kki26_ws/install/rov_kki26/lib/python3.12/site-packages/rov_kki26
copying /home/cakson/rov_kki26_ws/build/rov_kki26/build/lib/rov_kki26/telemetry_receiver_node.py -> /home/cakson/rov_kki26_ws/install/rov_kki26/lib/python3.12/site-packages/rov_kki26
copying /home/cakson/rov_kki26_ws/build/rov_kki26/build/lib/rov_kki26/__init__.py -> /home/cakson/rov_kki26_ws/install/rov_kki26/lib/python3.12/site-packages/rov_kki26
copying /home/cakson/rov_kki26_ws/build/rov_kki26/build/lib/rov_kki26/qr_scanner_node.py -> /home/cakson/rov_kki26_ws/install/rov_kki26/lib/python3.12/site-packages/rov_kki26
copying /home/cakson/rov_kki26_ws/build/rov_kki26/build/lib/rov_kki26/rov_dashboard_node.py -> /home/cakson/rov_kki26_ws/install/rov_kki26/lib/python3.12/site-packages/rov_kki26
copying /home/cakson/rov_kki26_ws/build/rov_kki26/build/lib/rov_kki26/mavis_gamepad_node.py -> /home/cakson/rov_kki26_ws/install/rov_kki26/lib/python3.12/site-packages/rov_kki26
byte-compiling /home/cakson/rov_kki26_ws/install/rov_kki26/lib/python3.12/site-packages/rov_kki26/video_receiver_node.py to video_receiver_node.cpython-312.pyc
byte-compiling /home/cakson/rov_kki26_ws/install/rov_kki26/lib/python3.12/site-packages/rov_kki26/telemetry_receiver_node.py to telemetry_receiver_node.cpython-312.pyc
byte-compiling /home/cakson/rov_kki26_ws/install/rov_kki26/lib/python3.12/site-packages/rov_kki26/__init__.py to __init__.cpython-312.pyc
byte-compiling /home/cakson/rov_kki26_ws/install/rov_kki26/lib/python3.12/site-packages/rov_kki26/qr_scanner_node.py to qr_scanner_node.cpython-312.pyc
byte-compiling /home/cakson/rov_kki26_ws/install/rov_kki26/lib/python3.12/site-packages/rov_kki26/rov_dashboard_node.py to rov_dashboard_node.cpython-312.pyc
byte-compiling /home/cakson/rov_kki26_ws/install/rov_kki26/lib/python3.12/site-packages/rov_kki26/mavis_gamepad_node.py to mavis_gamepad_node.cpython-312.pyc
running install_data
copying resource/rov_kki26 -> /home/cakson/rov_kki26_ws/install/rov_kki26/share/ament_index/resource_index/packages
copying package.xml -> /home/cakson/rov_kki26_ws/install/rov_kki26/share/rov_kki26
running install_egg_info
Copying ../../build/rov_kki26/rov_kki26.egg-info to /home/cakson/rov_kki26_ws/install/rov_kki26/lib/python3.12/site-packages/rov_kki26-0.0.0-py3.12.egg-info
running install_scripts
Installing mavis_gamepad script to /home/cakson/rov_kki26_ws/install/rov_kki26/lib/rov_kki26
Installing qr_scanner script to /home/cakson/rov_kki26_ws/install/rov_kki26/lib/rov_kki26
Installing rov_dashboard script to /home/cakson/rov_kki26_ws/install/rov_kki26/lib/rov_kki26
Installing telemetry_receiver script to /home/cakson/rov_kki26_ws/install/rov_kki26/lib/rov_kki26
Installing video_receiver script to /home/cakson/rov_kki26_ws/install/rov_kki26/lib/rov_kki26
writing list of installed files to '/home/cakson/rov_kki26_ws/build/rov_kki26/install.log'
