[0.576s] Invoking command in '/home/cakson/rov_kki26_ws/build/rov_kki26': DEBUGINFOD_URLS=https://debuginfod.ubuntu.com PYTHONPATH=/home/cakson/rov_kki26_ws/build/rov_kki26/prefix_override:/usr/lib/python3/dist-packages/colcon_core/task/python/colcon_distutils_commands:/home/cakson/rov_kki26_ws/install/rov_kki26/lib/python3.12/site-packages:${PYTHONPATH} /usr/bin/python3 -W ignore:setup.py install is deprecated -W ignore:easy_install command is deprecated setup.py develop --editable --build-directory /home/cakson/rov_kki26_ws/build/rov_kki26/build --no-deps symlink_data
[0.792s] running develop
[0.912s] running egg_info
[0.923s] writing rov_kki26.egg-info/PKG-INFO
[0.923s] writing dependency_links to rov_kki26.egg-info/dependency_links.txt
[0.923s] writing entry points to rov_kki26.egg-info/entry_points.txt
[0.924s] writing requirements to rov_kki26.egg-info/requires.txt
[0.924s] writing top-level names to rov_kki26.egg-info/top_level.txt
[0.948s] reading manifest file 'rov_kki26.egg-info/SOURCES.txt'
[0.948s] writing manifest file 'rov_kki26.egg-info/SOURCES.txt'
[0.961s] running build_ext
[0.962s] Creating /home/cakson/rov_kki26_ws/install/rov_kki26/lib/python3.12/site-packages/rov-kki26.egg-link (link to .)
[0.962s] Installing qr_scanner script to /home/cakson/rov_kki26_ws/install/rov_kki26/lib/rov_kki26
[0.962s] Installing rov_dashboard script to /home/cakson/rov_kki26_ws/install/rov_kki26/lib/rov_kki26
[0.962s] Installing telemetry_receiver script to /home/cakson/rov_kki26_ws/install/rov_kki26/lib/rov_kki26
[0.962s] Installing video_receiver script to /home/cakson/rov_kki26_ws/install/rov_kki26/lib/rov_kki26
[0.962s] 
[0.962s] Installed /home/cakson/rov_kki26_ws/build/rov_kki26
[0.963s] running symlink_data
[0.994s] Invoked command in '/home/cakson/rov_kki26_ws/build/rov_kki26' returned '0': DEBUGINFOD_URLS=https://debuginfod.ubuntu.com PYTHONPATH=/home/cakson/rov_kki26_ws/build/rov_kki26/prefix_override:/usr/lib/python3/dist-packages/colcon_core/task/python/colcon_distutils_commands:/home/cakson/rov_kki26_ws/install/rov_kki26/lib/python3.12/site-packages:${PYTHONPATH} /usr/bin/python3 -W ignore:setup.py install is deprecated -W ignore:easy_install command is deprecated setup.py develop --editable --build-directory /home/cakson/rov_kki26_ws/build/rov_kki26/build --no-deps symlink_data
