[0.616s] Invoking command in '/home/cakson/rov_kki26_ws/src/rov_kki26': DEBUGINFOD_URLS=https://debuginfod.ubuntu.com PYTHONPATH=/home/cakson/rov_kki26_ws/build/rov_kki26/prefix_override:/usr/lib/python3/dist-packages/colcon_core/task/python/colcon_distutils_commands:/home/cakson/rov_kki26_ws/install/rov_kki26/lib/python3.12/site-packages:${PYTHONPATH} /usr/bin/python3 -W ignore:setup.py install is deprecated -W ignore:easy_install command is deprecated setup.py egg_info --egg-base ../../build/rov_kki26 build --build-base /home/cakson/rov_kki26_ws/build/rov_kki26/build install --record /home/cakson/rov_kki26_ws/build/rov_kki26/install.log --single-version-externally-managed install_data
[0.841s] running egg_info
[0.841s] creating ../../build/rov_kki26/rov_kki26.egg-info
[0.852s] writing ../../build/rov_kki26/rov_kki26.egg-info/PKG-INFO
[0.852s] writing dependency_links to ../../build/rov_kki26/rov_kki26.egg-info/dependency_links.txt
[0.852s] writing entry points to ../../build/rov_kki26/rov_kki26.egg-info/entry_points.txt
[0.852s] writing requirements to ../../build/rov_kki26/rov_kki26.egg-info/requires.txt
[0.852s] writing top-level names to ../../build/rov_kki26/rov_kki26.egg-info/top_level.txt
[0.853s] writing manifest file '../../build/rov_kki26/rov_kki26.egg-info/SOURCES.txt'
[0.891s] reading manifest file '../../build/rov_kki26/rov_kki26.egg-info/SOURCES.txt'
[0.891s] writing manifest file '../../build/rov_kki26/rov_kki26.egg-info/SOURCES.txt'
[0.891s] running build
[0.891s] running build_py
[0.891s] creating /home/cakson/rov_kki26_ws/build/rov_kki26/build
[0.892s] creating /home/cakson/rov_kki26_ws/build/rov_kki26/build/lib
[0.892s] creating /home/cakson/rov_kki26_ws/build/rov_kki26/build/lib/rov_kki26
[0.892s] copying rov_kki26/nano rov_dashboard_node.py -> /home/cakson/rov_kki26_ws/build/rov_kki26/build/lib/rov_kki26
[0.892s] copying rov_kki26/video_receiver_node.py -> /home/cakson/rov_kki26_ws/build/rov_kki26/build/lib/rov_kki26
[0.892s] copying rov_kki26/__init__.py -> /home/cakson/rov_kki26_ws/build/rov_kki26/build/lib/rov_kki26
[0.892s] running install
[0.898s] running install_lib
[0.918s] creating /home/cakson/rov_kki26_ws/install/rov_kki26/lib/python3.12/site-packages/rov_kki26
[0.918s] copying /home/cakson/rov_kki26_ws/build/rov_kki26/build/lib/rov_kki26/nano rov_dashboard_node.py -> /home/cakson/rov_kki26_ws/install/rov_kki26/lib/python3.12/site-packages/rov_kki26
[0.918s] copying /home/cakson/rov_kki26_ws/build/rov_kki26/build/lib/rov_kki26/video_receiver_node.py -> /home/cakson/rov_kki26_ws/install/rov_kki26/lib/python3.12/site-packages/rov_kki26
[0.918s] copying /home/cakson/rov_kki26_ws/build/rov_kki26/build/lib/rov_kki26/__init__.py -> /home/cakson/rov_kki26_ws/install/rov_kki26/lib/python3.12/site-packages/rov_kki26
[0.919s] byte-compiling /home/cakson/rov_kki26_ws/install/rov_kki26/lib/python3.12/site-packages/rov_kki26/nano rov_dashboard_node.py to nano rov_dashboard_node.cpython-312.pyc
[0.920s] byte-compiling /home/cakson/rov_kki26_ws/install/rov_kki26/lib/python3.12/site-packages/rov_kki26/video_receiver_node.py to video_receiver_node.cpython-312.pyc
[0.920s] byte-compiling /home/cakson/rov_kki26_ws/install/rov_kki26/lib/python3.12/site-packages/rov_kki26/__init__.py to __init__.cpython-312.pyc
[0.920s] running install_data
[0.921s] creating /home/cakson/rov_kki26_ws/install/rov_kki26/share/ament_index
[0.921s] creating /home/cakson/rov_kki26_ws/install/rov_kki26/share/ament_index/resource_index
[0.921s] creating /home/cakson/rov_kki26_ws/install/rov_kki26/share/ament_index/resource_index/packages
[0.921s] copying resource/rov_kki26 -> /home/cakson/rov_kki26_ws/install/rov_kki26/share/ament_index/resource_index/packages
[0.921s] copying package.xml -> /home/cakson/rov_kki26_ws/install/rov_kki26/share/rov_kki26
[0.921s] running install_egg_info
[0.937s] Copying ../../build/rov_kki26/rov_kki26.egg-info to /home/cakson/rov_kki26_ws/install/rov_kki26/lib/python3.12/site-packages/rov_kki26-0.0.0-py3.12.egg-info
[0.937s] running install_scripts
[1.031s] Installing rov_dashboard script to /home/cakson/rov_kki26_ws/install/rov_kki26/lib/rov_kki26
[1.031s] Installing video_receiver script to /home/cakson/rov_kki26_ws/install/rov_kki26/lib/rov_kki26
[1.031s] writing list of installed files to '/home/cakson/rov_kki26_ws/build/rov_kki26/install.log'
[1.060s] Invoked command in '/home/cakson/rov_kki26_ws/src/rov_kki26' returned '0': DEBUGINFOD_URLS=https://debuginfod.ubuntu.com PYTHONPATH=/home/cakson/rov_kki26_ws/build/rov_kki26/prefix_override:/usr/lib/python3/dist-packages/colcon_core/task/python/colcon_distutils_commands:/home/cakson/rov_kki26_ws/install/rov_kki26/lib/python3.12/site-packages:${PYTHONPATH} /usr/bin/python3 -W ignore:setup.py install is deprecated -W ignore:easy_install command is deprecated setup.py egg_info --egg-base ../../build/rov_kki26 build --build-base /home/cakson/rov_kki26_ws/build/rov_kki26/build install --record /home/cakson/rov_kki26_ws/build/rov_kki26/install.log --single-version-externally-managed install_data
