[1.660s] Invoking command in '/home/cakson/rov_kki26_ws/src/rov_kki26': DEBUGINFOD_URLS=https://debuginfod.ubuntu.com PYTHONPATH=/home/cakson/rov_kki26_ws/build/rov_kki26/prefix_override:/usr/lib/python3/dist-packages/colcon_core/task/python/colcon_distutils_commands:/home/cakson/rov_kki26_ws/install/rov_kki26/lib/python3.12/site-packages:${PYTHONPATH} /usr/bin/python3 -W ignore:setup.py install is deprecated -W ignore:easy_install command is deprecated setup.py egg_info --egg-base ../../build/rov_kki26 build --build-base /home/cakson/rov_kki26_ws/build/rov_kki26/build install --record /home/cakson/rov_kki26_ws/build/rov_kki26/install.log --single-version-externally-managed install_data
[2.140s] running egg_info
[2.179s] writing ../../build/rov_kki26/rov_kki26.egg-info/PKG-INFO
[2.180s] writing dependency_links to ../../build/rov_kki26/rov_kki26.egg-info/dependency_links.txt
[2.180s] writing entry points to ../../build/rov_kki26/rov_kki26.egg-info/entry_points.txt
[2.181s] writing requirements to ../../build/rov_kki26/rov_kki26.egg-info/requires.txt
[2.181s] writing top-level names to ../../build/rov_kki26/rov_kki26.egg-info/top_level.txt
[2.262s] reading manifest file '../../build/rov_kki26/rov_kki26.egg-info/SOURCES.txt'
[2.264s] writing manifest file '../../build/rov_kki26/rov_kki26.egg-info/SOURCES.txt'
[2.265s] running build
[2.265s] running build_py
[2.265s] copying rov_kki26/video_receiver_node.py -> /home/cakson/rov_kki26_ws/build/rov_kki26/build/lib/rov_kki26
[2.266s] running install
[2.282s] running install_lib
[2.323s] copying /home/cakson/rov_kki26_ws/build/rov_kki26/build/lib/rov_kki26/video_receiver_node.py -> /home/cakson/rov_kki26_ws/install/rov_kki26/lib/python3.12/site-packages/rov_kki26
[2.324s] byte-compiling /home/cakson/rov_kki26_ws/install/rov_kki26/lib/python3.12/site-packages/rov_kki26/video_receiver_node.py to video_receiver_node.cpython-312.pyc
[2.328s] running install_data
[2.328s] running install_egg_info
[2.373s] removing '/home/cakson/rov_kki26_ws/install/rov_kki26/lib/python3.12/site-packages/rov_kki26-0.0.0-py3.12.egg-info' (and everything under it)
[2.374s] Copying ../../build/rov_kki26/rov_kki26.egg-info to /home/cakson/rov_kki26_ws/install/rov_kki26/lib/python3.12/site-packages/rov_kki26-0.0.0-py3.12.egg-info
[2.376s] running install_scripts
[2.635s] Installing mavis_gamepad script to /home/cakson/rov_kki26_ws/install/rov_kki26/lib/rov_kki26
[2.635s] Installing qr_scanner script to /home/cakson/rov_kki26_ws/install/rov_kki26/lib/rov_kki26
[2.635s] Installing rov_dashboard script to /home/cakson/rov_kki26_ws/install/rov_kki26/lib/rov_kki26
[2.635s] Installing telemetry_receiver script to /home/cakson/rov_kki26_ws/install/rov_kki26/lib/rov_kki26
[2.636s] Installing video_receiver script to /home/cakson/rov_kki26_ws/install/rov_kki26/lib/rov_kki26
[2.636s] writing list of installed files to '/home/cakson/rov_kki26_ws/build/rov_kki26/install.log'
[2.679s] Invoked command in '/home/cakson/rov_kki26_ws/src/rov_kki26' returned '0': DEBUGINFOD_URLS=https://debuginfod.ubuntu.com PYTHONPATH=/home/cakson/rov_kki26_ws/build/rov_kki26/prefix_override:/usr/lib/python3/dist-packages/colcon_core/task/python/colcon_distutils_commands:/home/cakson/rov_kki26_ws/install/rov_kki26/lib/python3.12/site-packages:${PYTHONPATH} /usr/bin/python3 -W ignore:setup.py install is deprecated -W ignore:easy_install command is deprecated setup.py egg_info --egg-base ../../build/rov_kki26 build --build-base /home/cakson/rov_kki26_ws/build/rov_kki26/build install --record /home/cakson/rov_kki26_ws/build/rov_kki26/install.log --single-version-externally-managed install_data
